// Jest Snapshot v1, https://goo.gl/fbAQLP

exports[`<RequestPasswordReset/> renders component and matches snapshot 1`] = `
<div>
  <form
    autocomplete="new-password"
    class="StyledForm-sc-44wenk-0 iUkmmK"
    method="POST"
  >
    <h2>
      Request a Password Reset
    </h2>
    <fieldset>
      <label
        for="email"
      >
        Email
        <input
          autocomplete="new-password"
          name="email"
          placeholder="Your Email Address"
          type="email"
          value=""
        />
      </label>
      <button
        type="submit"
      >
        Request Reset!
      </button>
    </fieldset>
  </form>
</div>
`;
